[    0.000000] Linux version 4.15.0-135-generic (buildd@lgw01-amd64-005) (gcc version 7.5.0 (Ubuntu 7.5.0-3ubuntu1~18.04)) #139-Ubuntu SMP Mon Jan 18 17:38:24 UTC 2021 (Ubuntu 4.15.0-135.139-generic 4.15.18)
[    0.000000] Command line: BOOT_IMAGE=/boot/vmlinuz-4.15.0-135-generic root=LABEL=cloudimg-rootfs ro console=tty1 console=ttyS0
[    0.000000] KERNEL supported cpus:
[    0.000000]   Intel GenuineIntel
[    0.000000]   AMD AuthenticAMD
[    0.000000]   Centaur CentaurHauls
[    0.000000] x86/fpu: Supporting XSAVE feature 0x001: 'x87 floating point registers'
[    0.000000] x86/fpu: Supporting XSAVE feature 0x002: 'SSE registers'
[    0.000000] x86/fpu: Supporting XSAVE feature 0x004: 'AVX registers'
[    0.000000] x86/fpu: xstate_offset[2]:  576, xstate_sizes[2]:  256
[    0.000000] x86/fpu: Enabled xstate features 0x7, context size is 832 bytes, using 'standard' format.
[    0.000000] e820: BIOS-provided physical RAM map:
[    0.000000] BIOS-e820: [mem 0x0000000000000000-0x000000000009fbff] usable
[    0.000000] BIOS-e820: [mem 0x000000000009fc00-0x000000000009ffff] reserved
[    0.000000] BIOS-e820: [mem 0x00000000000f0000-0x00000000000fffff] reserved
[    0.000000] BIOS-e820: [mem 0x0000000000100000-0x000000003ffeffff] usable
[    0.000000] BIOS-e820: [mem 0x000000003fff0000-0x000000003fffffff] ACPI data
[    0.000000] BIOS-e820: [mem 0x00000000fec00000-0x00000000fec00fff] reserved
[    0.000000] BIOS-e820: [mem 0x00000000fee00000-0x00000000fee00fff] reserved
[    0.000000] BIOS-e820: [mem 0x00000000fffc0000-0x00000000ffffffff] reserved
[    0.000000] NX (Execute Disable) protection: active
[    0.000000] SMBIOS 2.5 present.
[    0.000000] DMI: innotek GmbH VirtualBox/VirtualBox, BIOS VirtualBox 12/01/2006
[    0.000000] Hypervisor detected: KVM
[    0.000000] e820: last_pfn = 0x3fff0 max_arch_pfn = 0x400000000
[    0.000000] MTRR: Disabled
[    0.000000] x86/PAT: MTRRs disabled, skipping PAT initialization too.
[    0.000000] CPU MTRRs all blank - virtualized system.
[    0.000000] x86/PAT: Configuration [0-7]: WB  WT  UC- UC  WB  WT  UC- UC  
[    0.000000] found SMP MP-table at [mem 0x0009fff0-0x0009ffff]
[    0.000000] Scanning 1 areas for low memory corruption
[    0.000000] RAMDISK: [mem 0x35a63000-0x36d28fff]
[    0.000000] ACPI: Early table checksum verification disabled
[    0.000000] ACPI: RSDP 0x00000000000E0000 000024 (v02 VBOX  )
[    0.000000] ACPI: XSDT 0x000000003FFF0030 00003C (v01 VBOX   VBOXXSDT 00000001 ASL  00000061)
[    0.000000] ACPI: FACP 0x000000003FFF00F0 0000F4 (v04 VBOX   VBOXFACP 00000001 ASL  00000061)
[    0.000000] ACPI: DSDT 0x000000003FFF0470 002325 (v02 VBOX   VBOXBIOS 00000002 INTL 20190509)
[    0.000000] ACPI: FACS 0x000000003FFF0200 000040
[    0.000000] ACPI: FACS 0x000000003FFF0200 000040
[    0.000000] ACPI: APIC 0x000000003FFF0240 000054 (v02 VBOX   VBOXAPIC 00000001 ASL  00000061)
[    0.000000] ACPI: SSDT 0x000000003FFF02A0 0001CC (v01 VBOX   VBOXCPUT 00000002 INTL 20190509)
[    0.000000] No NUMA configuration found
[    0.000000] Faking a node at [mem 0x0000000000000000-0x000000003ffeffff]
[    0.000000] NODE_DATA(0) allocated [mem 0x3ffc5000-0x3ffeffff]
[    0.000000] kvm-clock: cpu 0, msr 0:3ff44001, primary cpu clock
[    0.000000] kvm-clock: Using msrs 4b564d01 and 4b564d00
[    0.000000] kvm-clock: using sched offset of 4143999690 cycles
[    0.000000] clocksource: kvm-clock: mask: 0xffffffffffffffff max_cycles: 0x1cd42e4dffb, max_idle_ns: 881590591483 ns
[    0.000000] Zone ranges:
[    0.000000]   DMA      [mem 0x0000000000001000-0x0000000000ffffff]
[    0.000000]   DMA32    [mem 0x0000000001000000-0x000000003ffeffff]
[    0.000000]   Normal   empty
[    0.000000]   Device   empty
[    0.000000] Movable zone start for each node
[    0.000000] Early memory node ranges
[    0.000000]   node   0: [mem 0x0000000000001000-0x000000000009efff]
[    0.000000]   node   0: [mem 0x0000000000100000-0x000000003ffeffff]
[    0.000000] Reserved but unavailable: 98 pages
[    0.000000] Initmem setup node 0 [mem 0x0000000000001000-0x000000003ffeffff]
[    0.000000] ACPI: PM-Timer IO Port: 0x4008
[    0.000000] IOAPIC[0]: apic_id 1, version 32, address 0xfec00000, GSI 0-23
[    0.000000] ACPI: INT_SRC_OVR (bus 0 bus_irq 0 global_irq 2 dfl dfl)
[    0.000000] ACPI: INT_SRC_OVR (bus 0 bus_irq 9 global_irq 9 low level)
[    0.000000] Using ACPI (MADT) for SMP configuration information
[    0.000000] smpboot: Allowing 1 CPUs, 0 hotplug CPUs
[    0.000000] PM: Registered nosave memory: [mem 0x00000000-0x00000fff]
[    0.000000] PM: Registered nosave memory: [mem 0x0009f000-0x0009ffff]
[    0.000000] PM: Registered nosave memory: [mem 0x000a0000-0x000effff]
[    0.000000] PM: Registered nosave memory: [mem 0x000f0000-0x000fffff]
[    0.000000] e820: [mem 0x40000000-0xfebfffff] available for PCI devices
[    0.000000] Booting paravirtualized kernel on KVM
[    0.000000] clocksource: refined-jiffies: mask: 0xffffffff max_cycles: 0xffffffff, max_idle_ns: 7645519600211568 ns
[    0.000000] random: get_random_bytes called from start_kernel+0x99/0x500 with crng_init=0
[    0.000000] setup_percpu: NR_CPUS:8192 nr_cpumask_bits:1 nr_cpu_ids:1 nr_node_ids:1
[    0.000000] percpu: Embedded 45 pages/cpu s147456 r8192 d28672 u2097152
[    0.000000] PV qspinlock hash table entries: 256 (order: 0, 4096 bytes)
[    0.000000] Built 1 zonelists, mobility grouping on.  Total pages: 257913
[    0.000000] Policy zone: DMA32
[    0.000000] Kernel command line: BOOT_IMAGE=/boot/vmlinuz-4.15.0-135-generic root=LABEL=cloudimg-rootfs ro console=tty1 console=ttyS0
[    0.000000] Memory: 983200K/1048120K available (12300K kernel code, 2482K rwdata, 4276K rodata, 2440K init, 2724K bss, 64920K reserved, 0K cma-reserved)
[    0.000000] SLUB: HWalign=64, Order=0-3, MinObjects=0, CPUs=1, Nodes=1
[    0.000000] Kernel/User page tables isolation: enabled
[    0.000000] ftrace: allocating 39422 entries in 154 pages
[    0.004000] Hierarchical RCU implementation.
[    0.004000] 	RCU restricting CPUs from NR_CPUS=8192 to nr_cpu_ids=1.
[    0.004000] 	Tasks RCU enabled.
[    0.004000] RCU: Adjusting geometry for rcu_fanout_leaf=16, nr_cpu_ids=1
[    0.004000] NR_IRQS: 524544, nr_irqs: 256, preallocated irqs: 16
[    0.004000] Console: colour VGA+ 80x25
[    0.004000] console [tty1] enabled
[    0.004000] console [ttyS0] enabled
[    0.004000] ACPI: Core revision 20170831
[    0.004000] ACPI: 2 ACPI AML tables successfully acquired and loaded
[    0.004000] APIC: Switch to symmetric I/O mode setup
[    0.004000] x2apic enabled
[    0.004000] Switched APIC routing to physical x2apic.
[    0.004000] ..TIMER: vector=0x30 apic1=0 pin1=2 apic2=-1 pin2=-1
[    0.004006] tsc: Detected 2207.990 MHz processor
[    0.005042] Calibrating delay loop (skipped) preset value.. 4415.98 BogoMIPS (lpj=8831960)
[    0.005974] pid_max: default: 32768 minimum: 301
[    0.008065] Security Framework initialized
[    0.008938] Yama: becoming mindful.
[    0.009758] AppArmor: AppArmor initialized
[    0.012064] Dentry cache hash table entries: 131072 (order: 8, 1048576 bytes)
[    0.013691] Inode-cache hash table entries: 65536 (order: 7, 524288 bytes)
[    0.015128] Mount-cache hash table entries: 2048 (order: 2, 16384 bytes)
[    0.016009] Mountpoint-cache hash table entries: 2048 (order: 2, 16384 bytes)
[    0.018347] process: using mwait in idle threads
[    0.020014] Last level iTLB entries: 4KB 64, 2MB 8, 4MB 8
[    0.021163] Last level dTLB entries: 4KB 64, 2MB 0, 4MB 0, 1GB 4
[    0.022369] Spectre V1 : Mitigation: usercopy/swapgs barriers and __user pointer sanitization
[    0.024006] Spectre V2 : Mitigation: Full generic retpoline
[    0.025191] Spectre V2 : Spectre v2 / SpectreRSB mitigation: Filling RSB on context switch
[    0.026863] Speculative Store Bypass: Vulnerable
[    0.028079] SRBDS: Unknown: Dependent on hypervisor status
[    0.029776] MDS: Mitigation: Clear CPU buffers
[    0.052000] Freeing SMP alternatives memory: 36K
[    0.164104] APIC calibration not consistent with PM-Timer: 101ms instead of 100ms
[    0.165703] APIC delta adjusted to PM-Timer: 6249678 (6370393)
[    0.166956] smpboot: CPU0: Intel(R) Core(TM) i7-8750H CPU @ 2.20GHz (family: 0x6, model: 0x9e, stepping: 0xa)
[    0.168000] Performance Events: unsupported p6 CPU model 158 no PMU driver, software events only.
[    0.168000] Hierarchical SRCU implementation.
[    0.169042] NMI watchdog: Perf event create on CPU 0 failed with -2
[    0.170279] NMI watchdog: Perf NMI watchdog permanently disabled
[    0.172075] smp: Bringing up secondary CPUs ...
[    0.173270] smp: Brought up 1 node, 1 CPU
[    0.174215] smpboot: Max logical packages: 1
[    0.175172] smpboot: Total of 1 processors activated (4415.98 BogoMIPS)
[    0.176222] devtmpfs: initialized
[    0.177078] x86/mm: Memory block size: 128MB
[    0.178138] evm: security.selinux
[    0.178865] evm: security.SMACK64
[    0.180014] evm: security.SMACK64EXEC
[    0.180934] evm: security.SMACK64TRANSMUTE
[    0.182129] evm: security.SMACK64MMAP
[    0.184009] evm: security.apparmor
[    0.185023] evm: security.ima
[    0.185866] evm: security.capability
[    0.187226] clocksource: jiffies: mask: 0xffffffff max_cycles: 0xffffffff, max_idle_ns: 7645041785100000 ns
[    0.188023] futex hash table entries: 256 (order: 2, 16384 bytes)
[    0.192100] pinctrl core: initialized pinctrl subsystem
[    0.193618] RTC time: 22:48:28, date: 02/11/21
[    0.195011] NET: Registered protocol family 16
[    0.196169] audit: initializing netlink subsys (disabled)
[    0.198165] cpuidle: using governor ladder
[    0.200012] cpuidle: using governor menu
[    0.201014] ACPI: bus type PCI registered
[    0.202212] acpiphp: ACPI Hot Plug PCI Controller Driver version: 0.5
[    0.204048] audit: type=2000 audit(1613083713.922:1): state=initialized audit_enabled=0 res=1
[    0.206476] PCI: Using configuration type 1 for base access
[    0.209475] HugeTLB registered 2.00 MiB page size, pre-allocated 0 pages
[    0.212197] ACPI: Added _OSI(Module Device)
[    0.213067] ACPI: Added _OSI(Processor Device)
[    0.214035] ACPI: Added _OSI(3.0 _SCP Extensions)
[    0.215462] ACPI: Added _OSI(Processor Aggregator Device)
[    0.216037] ACPI: Added _OSI(Linux-Dell-Video)
[    0.217052] ACPI: Added _OSI(Linux-Lenovo-NV-HDMI-Audio)
[    0.218550] ACPI: Added _OSI(Linux-HPI-Hybrid-Graphics)
[    0.220530] ACPI: Executed 1 blocks of module-level executable AML code
[    0.228713] ACPI: Interpreter enabled
[    0.229526] ACPI: (supports S0 S5)
[    0.230286] ACPI: Using IOAPIC for interrupt routing
[    0.231931] PCI: Using host bridge windows from ACPI; if necessary, use "pci=nocrs" and report a bug
[    0.232224] ACPI: Enabled 2 GPEs in block 00 to 07
[    0.244092] ACPI: PCI Root Bridge [PCI0] (domain 0000 [bus 00-ff])
[    0.245498] acpi PNP0A03:00: _OSC: OS supports [ASPM ClockPM Segments MSI]
[    0.247731] acpi PNP0A03:00: _OSC: not requesting OS control; OS requires [ExtendedConfig ASPM ClockPM MSI]
[    0.248042] acpi PNP0A03:00: fail to add MMCONFIG information, can't access extended PCI configuration space under this bridge.
[    0.252547] PCI host bridge to bus 0000:00
[    0.253401] pci_bus 0000:00: root bus resource [io  0x0000-0x0cf7 window]
[    0.254707] pci_bus 0000:00: root bus resource [io  0x0d00-0xffff window]
[    0.256004] pci_bus 0000:00: root bus resource [mem 0x000a0000-0x000bffff window]
[    0.258119] pci_bus 0000:00: root bus resource [mem 0x40000000-0xfdffffff window]
[    0.260008] pci_bus 0000:00: root bus resource [bus 00-ff]
[    0.265512] pci 0000:00:01.1: legacy IDE quirk: reg 0x10: [io  0x01f0-0x01f7]
[    0.266983] pci 0000:00:01.1: legacy IDE quirk: reg 0x14: [io  0x03f6]
[    0.268000] pci 0000:00:01.1: legacy IDE quirk: reg 0x18: [io  0x0170-0x0177]
[    0.268007] pci 0000:00:01.1: legacy IDE quirk: reg 0x1c: [io  0x0376]
[    0.295365] pci 0000:00:07.0: quirk: [io  0x4000-0x403f] claimed by PIIX4 ACPI
[    0.296036] pci 0000:00:07.0: quirk: [io  0x4100-0x410f] claimed by PIIX4 SMB
[    0.310357] ACPI: PCI Interrupt Link [LNKA] (IRQs 5 9 10 *11)
[    0.312138] ACPI: PCI Interrupt Link [LNKB] (IRQs 5 9 *10 11)
[    0.313434] ACPI: PCI Interrupt Link [LNKC] (IRQs 5 *9 10 11)
[    0.315192] ACPI: PCI Interrupt Link [LNKD] (IRQs 5 9 10 *11)
[    0.316645] SCSI subsystem initialized
[    0.317637] pci 0000:00:02.0: vgaarb: setting as boot VGA device
[    0.318888] pci 0000:00:02.0: vgaarb: VGA device added: decodes=io+mem,owns=io+mem,locks=none
[    0.320013] pci 0000:00:02.0: vgaarb: bridge control possible
[    0.321166] vgaarb: loaded
[    0.321812] ACPI: bus type USB registered
[    0.322924] usbcore: registered new interface driver usbfs
[    0.324040] usbcore: registered new interface driver hub
[    0.325463] usbcore: registered new device driver usb
[    0.328117] EDAC MC: Ver: 3.0.0
[    0.329501] PCI: Using ACPI for IRQ routing
[    0.331051] NetLabel: Initializing
[    0.332005] NetLabel:  domain hash size = 128
[    0.333151] NetLabel:  protocols = UNLABELED CIPSOv4 CALIPSO
[    0.334643] NetLabel:  unlabeled traffic allowed by default
[    0.336212] clocksource: Switched to clocksource kvm-clock
[    0.352378] VFS: Disk quotas dquot_6.6.0
[    0.354248] VFS: Dquot-cache hash table entries: 512 (order 0, 4096 bytes)
[    0.355791] AppArmor: AppArmor Filesystem Enabled
[    0.356815] pnp: PnP ACPI init
[    0.358690] pnp: PnP ACPI: found 3 devices
[    0.365528] clocksource: acpi_pm: mask: 0xffffff max_cycles: 0xffffff, max_idle_ns: 2085701024 ns
[    0.367429] NET: Registered protocol family 2
[    0.368548] TCP established hash table entries: 8192 (order: 4, 65536 bytes)
[    0.369932] TCP bind hash table entries: 8192 (order: 5, 131072 bytes)
[    0.371323] TCP: Hash tables configured (established 8192 bind 8192)
[    0.372732] UDP hash table entries: 512 (order: 2, 16384 bytes)
[    0.373914] UDP-Lite hash table entries: 512 (order: 2, 16384 bytes)
[    0.375359] NET: Registered protocol family 1
[    0.376368] pci 0000:00:00.0: Limiting direct PCI/PCI transfers
[    0.378127] pci 0000:00:01.0: Activating ISA DMA hang workarounds
[    0.381394] pci 0000:00:02.0: Video device with shadowed ROM at [mem 0x000c0000-0x000dffff]
[    0.383749] Unpacking initramfs...
[    0.798838] Freeing initrd memory: 19224K
[    0.800188] clocksource: tsc: mask: 0xffffffffffffffff max_cycles: 0x1fd3aeb5d14, max_idle_ns: 440795226789 ns
[    0.802433] platform rtc_cmos: registered platform RTC device (no PNP device found)
[    0.804043] Scanning for low memory corruption every 60 seconds
[    0.806243] Initialise system trusted keyrings
[    0.807241] Key type blacklist registered
[    0.808193] workingset: timestamp_bits=36 max_order=18 bucket_order=0
[    0.813446] zbud: loaded
[    0.815304] squashfs: version 4.0 (2009/01/31) Phillip Lougher
[    0.816799] fuse init (API version 7.26)
[    0.819129] Key type asymmetric registered
[    0.820846] Asymmetric key parser 'x509' registered
[    0.821886] Block layer SCSI generic (bsg) driver version 0.4 loaded (major 246)
[    0.823460] io scheduler noop registered
[    0.824266] io scheduler deadline registered
[    0.825204] io scheduler cfq registered (default)
[    0.826450] ACPI: AC Adapter [AC] (on-line)
[    0.827437] input: Power Button as /devices/LNXSYSTM:00/LNXPWRBN:00/input/input0
[    0.829027] ACPI: Power Button [PWRF]
[    0.829915] input: Sleep Button as /devices/LNXSYSTM:00/LNXSLPBN:00/input/input1
[    0.831499] ACPI: Sleep Button [SLPF]
[    0.833905] ACPI: Battery Slot [BAT0] (battery present)
[    0.835628] Serial: 8250/16550 driver, 32 ports, IRQ sharing enabled
[    0.858510] 00:02: ttyS0 at I/O 0x3f8 (irq = 4, base_baud = 115200) is a 16550A
[    0.861794] Linux agpgart interface v0.103
[    0.864042] loop: module loaded
[    0.865322] scsi host0: ata_piix
[    0.866108] scsi host1: ata_piix
[    0.866852] ata1: PATA max UDMA/33 cmd 0x1f0 ctl 0x3f6 bmdma 0xd000 irq 14
[    0.868210] ata2: PATA max UDMA/33 cmd 0x170 ctl 0x376 bmdma 0xd008 irq 15
[    0.870406] libphy: Fixed MDIO Bus: probed
[    0.871249] tun: Universal TUN/TAP device driver, 1.6
[    0.872528] PPP generic driver version 2.4.2
[    0.873522] ehci_hcd: USB 2.0 'Enhanced' Host Controller (EHCI) Driver
[    0.874912] ehci-pci: EHCI PCI platform driver
[    0.876356] ehci-platform: EHCI generic platform driver
[    0.878074] ohci_hcd: USB 1.1 'Open' Host Controller (OHCI) Driver
[    0.880077] ohci-pci: OHCI PCI platform driver
[    0.881510] ohci-platform: OHCI generic platform driver
[    0.882679] uhci_hcd: USB Universal Host Controller Interface driver
[    0.884134] i8042: PNP: PS/2 Controller [PNP0303:PS2K,PNP0f03:PS2M] at 0x60,0x64 irq 1,12
[    0.887954] serio: i8042 KBD port at 0x60,0x64 irq 1
[    0.889016] serio: i8042 AUX port at 0x60,0x64 irq 12
[    0.890118] mousedev: PS/2 mouse device common for all mice
[    0.891553] input: AT Translated Set 2 keyboard as /devices/platform/i8042/serio0/input/input2
[    0.893764] rtc_cmos rtc_cmos: rtc core: registered rtc_cmos as rtc0
[    0.895077] rtc_cmos rtc_cmos: alarms up to one day, 114 bytes nvram
[    0.896391] i2c /dev entries driver
[    0.897228] device-mapper: uevent: version 1.0.3
[    0.898443] device-mapper: ioctl: 4.37.0-ioctl (2017-09-20) initialised: dm-devel@redhat.com
[    0.900349] ledtrig-cpu: registered to indicate activity on CPUs
[    0.902644] intel_pmc_core:  initialized
[    0.904125] NET: Registered protocol family 10
[    0.908836] Segment Routing with IPv6
[    0.909711] NET: Registered protocol family 17
[    0.910809] Key type dns_resolver registered
[    0.911847] mce: Using 0 MCE banks
[    0.913066] RAS: Correctable Errors collector initialized.
[    0.914821] sched_clock: Marking stable (912913492, 0)->(1106916042, -194002550)
[    0.917550] registered taskstats version 1
[    0.918668] Loading compiled-in X.509 certificates
[    0.922313] Loaded X.509 cert 'Build time autogenerated kernel key: 399a566a2ea98257ce6f7132c633527e9761cd56'
[    0.924333] zswap: loaded using pool lzo/zbud
[    0.928657] Key type big_key registered
[    0.929613] Key type trusted registered
[    0.932992] Key type encrypted registered
[    0.934318] AppArmor: AppArmor sha1 policy hashing enabled
[    0.936292] ima: No TPM chip found, activating TPM-bypass! (rc=-19)
[    0.938080] ima: Allocated hash algorithm: sha1
[    0.939428] evm: HMAC attrs: 0x1
[    0.940993]   Magic number: 9:922:855
[    0.942110] rtc_cmos rtc_cmos: setting system clock to 2021-02-11 22:48:29 UTC (1613083709)
[    0.943859] BIOS EDD facility v0.16 2004-Jun-25, 0 devices found
[    0.945108] EDD information not available.
[    1.056397] Freeing unused kernel image memory: 2440K
[    1.064269] Write protecting the kernel read-only data: 20480k
[    1.066137] Freeing unused kernel image memory: 2008K
[    1.068228] Freeing unused kernel image memory: 1868K
[    1.078970] x86/mm: Checked W+X mappings: passed, no W+X pages found.
[    1.080604] x86/mm: Checking user space page tables
[    1.091304] x86/mm: Checked W+X mappings: passed, no W+X pages found.
Loading, please wait...
starting version 237
[    1.250196] e1000: Intel(R) PRO/1000 Network Driver - version 7.3.21-k8-NAPI
[    1.251971] e1000: Copyright (c) 1999-2006 Intel Corporation.
[    1.256249] Fusion MPT base driver 3.04.20
[    1.257164] Copyright (c) 1999-2008 LSI Corporation
[    1.278524] Fusion MPT SPI Host driver 3.04.20
[    1.326041] AVX2 version of gcm_enc/dec engaged.
[    1.327441] AES CTR mode by8 optimization enabled
[    1.475401] input: ImExPS/2 Generic Explorer Mouse as /devices/platform/i8042/serio1/input/input4
[    1.722029] e1000 0000:00:03.0 eth0: (PCI:33MHz:32-bit) 02:54:31:68:18:3c
[    1.724941] e1000 0000:00:03.0 eth0: Intel(R) PRO/1000 Network Connection
[    1.729179] e1000 0000:00:03.0 enp0s3: renamed from eth0
[    1.733276] mptbase: ioc0: Initiating bringup
[    1.828372] ioc0: LSI53C1030 A0: Capabilities={Initiator}
[    2.069321] scsi host2: ioc0: LSI53C1030 A0, FwRev=00000000h, Ports=1, MaxQ=256, IRQ=20
[    2.236565] scsi 2:0:0:0: Direct-Access     VBOX     HARDDISK         1.0  PQ: 0 ANSI: 5
[    2.238243] scsi target2:0:0: Beginning Domain Validation
[    2.240468] random: fast init done
[    2.241374] scsi target2:0:0: Domain Validation skipping write tests
[    2.242625] scsi target2:0:0: Ending Domain Validation
[    2.243777] scsi target2:0:0: asynchronous
[    2.245305] scsi 2:0:1:0: Direct-Access     VBOX     HARDDISK         1.0  PQ: 0 ANSI: 5
[    2.246988] scsi target2:0:1: Beginning Domain Validation
[    2.249058] scsi target2:0:1: Domain Validation skipping write tests
[    2.250340] scsi target2:0:1: Ending Domain Validation
[    2.251526] scsi target2:0:1: asynchronous
[    2.256542] random: systemd-udevd: uninitialized urandom read (16 bytes read)
[    2.258014] random: systemd-udevd: uninitialized urandom read (16 bytes read)
[    2.259486] random: systemd-udevd: uninitialized urandom read (16 bytes read)
[    2.261161] sd 2:0:0:0: Attached scsi generic sg0 type 0
[    2.262575] sd 2:0:0:0: [sda] 83886080 512-byte logical blocks: (42.9 GB/40.0 GiB)
[    2.264587] sd 2:0:0:0: [sda] Write Protect is off
[    2.266077] sd 2:0:1:0: [sdb] 20480 512-byte logical blocks: (10.5 MB/10.0 MiB)
[    2.267680] sd 2:0:1:0: Attached scsi generic sg1 type 0
[    2.268863] sd 2:0:1:0: [sdb] Write Protect is off
[    2.271390] sd 2:0:1:0: [sdb] Incomplete mode parameter data
[    2.272566] sd 2:0:1:0: [sdb] Assuming drive cache: write through
[    2.273746] sd 2:0:0:0: [sda] Incomplete mode parameter data
[    2.275194] sd 2:0:0:0: [sda] Assuming drive cache: write through
[    2.278224]  sda: sda1
[    2.279517] sd 2:0:0:0: [sda] Attached SCSI disk
[    2.344835] sd 2:0:1:0: [sdb] Attached SCSI disk
Begin: Loading essential drivers ... [    3.956443] raid6: sse2x1   gen()  7282 MB/s
[    4.008477] raid6: sse2x1   xor()  5513 MB/s
[    4.058832] raid6: sse2x2   gen()  8494 MB/s
[    4.107341] raid6: sse2x2   xor()  6312 MB/s
[    4.159403] raid6: sse2x4   gen() 10218 MB/s
[    4.211700] raid6: sse2x4   xor()  6598 MB/s
[    4.262549] raid6: avx2x1   gen() 14802 MB/s
[    4.309448] raid6: avx2x1   xor()  9050 MB/s
[    4.356292] raid6: avx2x2   gen() 15264 MB/s
[    4.404521] raid6: avx2x2   xor() 10370 MB/s
[    4.455163] raid6: avx2x4   gen() 19799 MB/s
[    4.507263] raid6: avx2x4   xor() 11711 MB/s
[    4.510470] raid6: using algorithm avx2x4 gen() 19799 MB/s
[    4.511644] raid6: .... xor() 11711 MB/s, rmw enabled
[    4.512976] raid6: using avx2x2 recovery algorithm
[    4.517152] xor: automatically using best checksumming function   avx       
[    4.521054] async_tx: api initialized (async)
done.
Begin: Running /scripts/init-premount ... done.
Begin: Mounting root file system ... Begin: Running /scripts/local-top ... done.
Begin: Running /scripts/local-premount ... [    4.597035] Btrfs loaded, crc32c=crc32c-intel
Scanning for Btrfs filesystems
done.
Warning: fsck not present, so skipping root file system
[    4.655758] EXT4-fs (sda1): mounted filesystem with ordered data mode. Opts: (null)
done.
Begin: Running /scripts/local-bottom ... done.
Begin: Running /scripts/init-bottom ... done.
[    5.378795] ip_tables: (C) 2000-2006 Netfilter Core Team
[    5.408992] systemd[1]: systemd 237 running in system mode. (+PAM +AUDIT +SELINUX +IMA +APPARMOR +SMACK +SYSVINIT +UTMP +LIBCRYPTSETUP +GCRYPT +GNUTLS +ACL +XZ +LZ4 +SECCOMP +BLKID +ELFUTILS +KMOD -IDN2 +IDN -PCRE2 default-hierarchy=hybrid)
[    5.414023] systemd[1]: Detected virtualization oracle.
[    5.415094] systemd[1]: Detected architecture x86-64.

Welcome to [1mUbuntu 18.04.5 LTS[0m!

[    5.439875] systemd[1]: Set hostname to <ubuntu>.
[    5.457423] systemd[1]: Initializing machine ID from random generator.
[    5.458853] systemd[1]: Installed transient /etc/machine-id file.
[    6.185763] random: crng init done
[    6.186589] random: 7 urandom warning(s) missed due to ratelimiting
[    6.406520] systemd[1]: Reached target System Time Synchronized.
[[0;32m  OK  [0m] Reached target System Time Synchronized.
[    6.409093] systemd[1]: Set up automount Arbitrary Executable File Formats File System Automount Point.
[[0;32m  OK  [0m] Set up automount Arbitrary Executabâ€¦rmats File System Automount Point.
[    6.415026] systemd[1]: Reached target Swap.
[[0;32m  OK  [0m] Reached target Swap.
[    6.416778] systemd[1]: Started Forward Password Requests to Wall Directory Watch.
[[0;32m  OK  [0m] Started Forward Password Requests to Wall Directory Watch.
[[0;32m  OK  [0m] Created slice User and Session Slice.
[[0;32m  OK  [0m] Created slice System Slice.
[[0;32m  OK  [0m] Listening on LVM2 poll daemon socket.
[[0;32m  OK  [0m] Listening on Journal Audit Socket.
[[0;32m  OK  [0m] Listening on Device-mapper event daemon FIFOs.
[[0;32m  OK  [0m] Reached target Slices.
[[0;32m  OK  [0m] Listening on /dev/initctl Compatibility Named Pipe.
[[0;32m  OK  [0m] Listening on Journal Socket.
         Starting Create list of required stâ€¦ce nodes for the current kernel...
         Starting Uncomplicated firewall...
         Starting Set the console keyboard layout...
         Starting Remount Root and Kernel File Systems...
         Starting Load Kernel Modules...
         Mounting POSIX Message Queue File System...
[[0;32m  OK  [0m] Listening on Journal Socket (/dev/log).
         Mounting Kernel Debug File System...
[[0;32m  OK  [0m] Listening on Network Service Netlink Socket.
         Mounting Huge Pages File System...
[[0;32m  OK  [0m] Listening on Syslog Socket.
         Starting Journal Service...
[[0;32m  OK  [0m] Listening on udev Kernel Socket.
[[0;32m  OK  [0m] Listening on LVM2 metadata daemon socket.
         Starting Monitoring of LVM2 mirrorsâ€¦ng dmeventd or progress polling...
[[0;32m  OK  [0m] Listening on udev Control Socket.
         Starting udev Coldplug all Devices...
[[0;32m  OK  [0m] Reached target User and Group Name Lookups.
[[0;32m  OK  [0m] Created slice system-serial\x2dgetty.slice.
[[0;32m  OK  [0m] Started Create list of required staâ€¦vice nodes for the current kernel.
[[0;32m  OK  [0m] Started Uncomplicated firewall.
         Starting Create Static Device Nodes in /dev...
[    6.561943] Loading iSCSI transport class v2.0-870.
[[0;32m  OK  [0m] Started Journal Service.
[[0;32m  OK  [0m] Started udev Coldplug all Devices.
[    6.810798] iscsi: registered transport (tcp)
[[0;32m  OK  [0m] Mounted POSIX Message Queue File System.
[[0;32m  OK  [0m] Mounted Kernel Debug File System.
[[0;32m  OK  [0m] Mounted Huge Pages File System.
[[0;32m  OK  [0m] Started Create Static Device Nodes in /dev.
[    6.938002] iscsi: registered transport (iser)
[    6.955103] EXT4-fs (sda1): re-mounted. Opts: (null)
[[0;32m  OK  [0m] Started Remount Root and Kernel File Systems.
         Starting udev Kernel Device Manager...
         Starting Load/Save Random Seed...
         Starting Flush Journal to Persistent Storage...
[[0;32m  OK  [0m] Started Load Kernel Modules.
         Starting Apply Kernel Variables...
         Mounting Kernel Configuration File System...
         Mounting FUSE Control File System...
[[0;32m  OK  [0m] Mounted Kernel Configuration File System.
[[0;32m  OK  [0m] Mounted FUSE Control File System.
[[0;32m  OK  [0m] Started LVM2 metadata daemon.
[    7.046112] systemd-journald[406]: Received request to flush runtime journal from PID 1
[[0;32m  OK  [0m] Started Set the console keyboard layout.
[[0;32m  OK  [0m] Started Load/Save Random Seed.
[[0;32m  OK  [0m] Started udev Kernel Device Manager.
[[0;32m  OK  [0m] Started Dispatch Password Requests to Console Directory Watch.
[[0;32m  OK  [0m] Reached target Local Encrypted Volumes.
[[0;32m  OK  [0m] Started Apply Kernel Variables.
[[0;32m  OK  [0m] Started Monitoring of LVM2 mirrors,â€¦sing dmeventd or progress polling.
[[0;32m  OK  [0m] Reached target Local File Systems (Pre).
[[0;32m  OK  [0m] Reached target Local File Systems.
         Starting AppArmor initialization...
         Starting Set console font and keymap...
         Starting ebtables ruleset management...
         Starting Tell Plymouth To Write Out Runtime Data...
         Starting Commit a transient machine-id on disk...
[[0;32m  OK  [0m] Started Flush Journal to Persistent Storage.
         Starting Create Volatile Files and Directories...
[[0;32m  OK  [0m] Started Set console font and keymap.
[[0;32m  OK  [0m] Started Tell Plymouth To Write Out Runtime Data.
[[0;32m  OK  [0m] Started Commit a transient machine-id on disk.
[[0;32m  OK  [0m] Started Create Volatile Files and Directories.
         Starting Update UTMP about System Boot/Shutdown...
[[0;32m  OK  [0m] Started Update UTMP about System Boot/Shutdown.
[[0;32m  OK  [0m] Started ebtables ruleset management.
[[0;32m  OK  [0m] Found device /dev/ttyS0.
[[0;32m  OK  [0m] Listening on Load/Save RF Kill Switch Status /dev/rfkill Watch.
[[0;32m  OK  [0m] Started AppArmor initialization.
         Starting Load AppArmor profiles managed internally by snapd...
         Starting Initial cloud-init job (pre-networking)...
[[0;32m  OK  [0m] Started Load AppArmor profiles managed internally by snapd.
[   12.869797] cloud-init[557]: Cloud-init v. 20.4.1-0ubuntu1~18.04.1 running 'init-local' at Thu, 11 Feb 2021 22:48:40 +0000. Up 12.13 seconds.
[[0;32m  OK  [0m] Started Initial cloud-init job (pre-networking).
[[0;32m  OK  [0m] Reached target Network (Pre).
         Starting Network Service...
[[0;32m  OK  [0m] Started Network Service.
         Starting Network Name Resolution...
         Starting Wait for Network to be Configured...
[[0;32m  OK  [0m] Started Network Name Resolution.
[[0;32m  OK  [0m] Reached target Network.
[[0;32m  OK  [0m] Reached target Host and Network Name Lookups.
[[0;32m  OK  [0m] Started Wait for Network to be Configured.
         Starting Initial cloud-init job (metadata service crawler)...
[   16.816773] cloud-init[668]: Cloud-init v. 20.4.1-0ubuntu1~18.04.1 running 'init' at Thu, 11 Feb 2021 22:48:44 +0000. Up 15.90 seconds.
[   16.819490] cloud-init[668]: ci-info: ++++++++++++++++++++++++++++++++++++++Net device info++++++++++++++++++++++++++++++++++++++
[   16.824013] cloud-init[668]: ci-info: +--------+------+----------------------------+---------------+--------+-------------------+
[   16.825818] cloud-init[668]: ci-info: | Device |  Up  |          Address           |      Mask     | Scope  |     Hw-Address    |
[   16.829665] cloud-init[668]: ci-info: +--------+------+----------------------------+---------------+--------+-------------------+
[   16.831897] cloud-init[668]: ci-info: | enp0s3 | True |         10.0.2.15          | 255.255.255.0 | global | 02:54:31:68:18:3c |
[   16.833756] cloud-init[668]: ci-info: | enp0s3 | True | fe80::54:31ff:fe68:183c/64 |       .       |  link  | 02:54:31:68:18:3c |
[   16.835409] cloud-init[668]: ci-info: |   lo   | True |         127.0.0.1          |   255.0.0.0   |  host  |         .         |
[   16.836772] cloud-init[668]: ci-info: |   lo   | True |          ::1/128           |       .       |  host  |         .         |
[   16.839302] cloud-init[668]: ci-info: +--------+------+----------------------------+---------------+--------+-------------------+
[   16.841573] cloud-init[668]: ci-info: ++++++++++++++++++++++++++++Route IPv4 info+++++++++++++++++++++++++++++
[   16.844508] cloud-init[668]: ci-info: +-------+-------------+----------+-----------------+-----------+-------+
[   16.846743] cloud-init[668]: ci-info: | Route | Destination | Gateway  |     Genmask     | Interface | Flags |
[   16.848343] cloud-init[668]: ci-info: +-------+-------------+----------+-----------------+-----------+-------+
[   16.849946] cloud-init[668]: ci-info: |   0   |   0.0.0.0   | 10.0.2.2 |     0.0.0.0     |   enp0s3  |   UG  |
[   16.851583] cloud-init[668]: ci-info: |   1   |   10.0.2.0  | 0.0.0.0  |  255.255.255.0  |   enp0s3  |   U   |
[   16.853620] cloud-init[668]: ci-info: |   2   |   10.0.2.2  | 0.0.0.0  | 255.255.255.255 |   enp0s3  |   UH  |
[   16.857618] cloud-init[668]: ci-info: +-------+-------------+----------+-----------------+-----------+-------+
[   16.859627] cloud-init[668]: ci-info: +++++++++++++++++++Route IPv6 info+++++++++++++++++++
[   16.861742] cloud-init[668]: ci-info: +-------+-------------+---------+-----------+-------+
[   16.863516] cloud-init[668]: ci-info: | Route | Destination | Gateway | Interface | Flags |
[   16.864562] cloud-init[668]: ci-info: +-------+-------------+---------+-----------+-------+
[   16.865656] cloud-init[668]: ci-info: |   1   |  fe80::/64  |    ::   |   enp0s3  |   U   |
[   16.867409] cloud-init[668]: ci-info: |   3   |    local    |    ::   |   enp0s3  |   U   |
[   16.868475] cloud-init[668]: ci-info: |   4   |   ff00::/8  |    ::   |   enp0s3  |   U   |
[   16.870107] cloud-init[668]: ci-info: +-------+-------------+---------+-----------+-------+
[   19.030352] cloud-init[668]: Generating public/private rsa key pair.
[   19.032198] cloud-init[668]: Your identification has been saved in /etc/ssh/ssh_host_rsa_key.
[   19.036187] cloud-init[668]: Your public key has been saved in /etc/ssh/ssh_host_rsa_key.pub.
[   19.037995] cloud-init[668]: The key fingerprint is:
[   19.040860] cloud-init[668]: SHA256:eP7g1zhhEw+5K4AounWeBiQ+iL4XHt/5iqWId2XYxXM root@ubuntu-bionic
[   19.044610] cloud-init[668]: The key's randomart image is:
[   19.048341] cloud-init[668]: +---[RSA 2048]----+
[   19.049183] cloud-init[668]: |                 |
[   19.050135] cloud-init[668]: |                 |
[   19.052615] cloud-init[668]: |        .  .     |
[   19.056749] cloud-init[668]: |. .    . ++E     |
[   19.057663] cloud-init[668]: |+o . .+ S o=     |
[   19.058557] cloud-init[668]: |+ooo...*  = .    |
[   19.064490] cloud-init[668]: |o.+.= +o+. *     |
[   19.065030] cloud-init[668]: |.o.*o+++.o= .    |
[   19.066010] cloud-init[668]: |.++o+o .++..     |
[   19.066889] cloud-init[668]: +----[SHA256]-----+
[   19.067598] cloud-init[668]: Generating public/private dsa key pair.
[   19.072410] cloud-init[668]: Your identification has been saved in /etc/ssh/ssh_host_dsa_key.
[   19.073616] cloud-init[668]: Your public key has been saved in /etc/ssh/ssh_host_dsa_key.pub.
[   19.075800] cloud-init[668]: The key fingerprint is:
[   19.081187] cloud-init[668]: SHA256:Br+dtPh5vkcCEHn67KSB2YZVkFCbjE5RNnV9na/eQQU root@ubuntu-bionic
[   19.082485] cloud-init[668]: The key's randomart image is:
[   19.083876] cloud-init[668]: +---[DSA 1024]----+
[   19.088802] cloud-init[668]: |      o+B*. ..E.o|
[   19.089318] cloud-init[668]: |       =++o.  ..+|
[   19.090506] cloud-init[668]: |      + +=     .o|
[   19.091437] cloud-init[668]: |     o oo .    ..|
[   19.096281] cloud-init[668]: |      .*So..  .. |
[   19.097471] cloud-init[668]: |      +.+=+o. o. |
[   19.098315] cloud-init[668]: |       .o=+  + ..|
[   19.099146] cloud-init[668]: |        ..... o .|
[   19.104273] cloud-init[668]: |          oooo   |
[   19.118808] cloud-init[668]: +----[SHA256]-----+
[   19.119884] cloud-init[668]: Generating public/private ecdsa key pair.
[   19.124644] cloud-init[668]: Your identification has been saved in /etc/ssh/ssh_host_ecdsa_key.
[   19.136341] cloud-init[668]: Your public key has been saved in /etc/ssh/ssh_host_ecdsa_key.pub.
[   19.137639] cloud-init[668]: The key fingerprint is:
[   19.138703] cloud-init[668]: SHA256:cf9NOR8zuI84yqpblbdsdx1naLC++8q9lDHBs6BWCKo root@ubuntu-bionic
[   19.144323] cloud-init[668]: The key's randomart image is:
[   19.145827] cloud-init[668]: +---[ECDSA 256]---+
[   19.146813] cloud-init[668]: |        .        |
[   19.147964] cloud-init[668]: |       . . . .   |
[   19.152764] cloud-init[668]: |      . . o + +  |
[   19.153886] cloud-init[668]: |     .   o.+ +.=.|
[   19.156565] cloud-init[668]: |    E   Soo.o.*B+|
[   19.160517] cloud-init[668]: |        ..o..o.BX|
[   19.161714] cloud-init[668]: |       .   +.o+.+|
[   19.162835] cloud-init[668]: |      . . .oo++  |
[   19.168903] cloud-init[668]: |     oo..o..*=+o |
[   19.169864] cloud-init[668]: +----[SHA256]-----+
[   19.171107] cloud-init[668]: Generating public/private ed25519 key pair.
[   19.176428] cloud-init[668]: Your identification has been saved in /etc/ssh/ssh_host_ed25519_key.
[   19.177887] cloud-init[668]: Your public key has been saved in /etc/ssh/ssh_host_ed25519_key.pub.
[   19.179756] cloud-init[668]: The key fingerprint is:
[   19.184939] cloud-init[668]: SHA256:gRXyA81i3+srlpbCG8CXATekJ9ZhotfQTZpsNu+J328 root@ubuntu-bionic
[   19.186272] cloud-init[668]: The key's randomart image is:
[   19.187664] cloud-init[668]: +--[ED25519 256]--+
[[0;32m  OK  [0m] Started Initial cloud-init job (metadata service crawler).
[[0;32m  OK  [0m] Reached target Network is Online.
[   19.190389] cloud-init[668]: |    +oO=+.       |
[   19.194878] cloud-init[668]: |   . @+@+        |
[   19.196564] cloud-init[668]: |  . =.&o+.       |
[   19.208332] cloud-init[668]: |   + = =.o.      |
[   19.211370] cloud-init[668]: |    o o S  .     |
[   19.213316] cloud-init[668]: |     o o ..      |
[   19.216509] cloud-init[668]: |     .o o+       |
         Starting Availability of block devices...
[   19.223829] cloud-init[668]: |      oo*.. E    |
[[0;32m  OK  [0m] Reached target Remote File Systems (Pre).
[[0;32m  OK  [0m] Reached target Remote File Systems.
[[0;32m  OK  [0m] Reached target System Initialization.
[   19.232794] cloud-init[668]: |      .=..o+.    |
[[0;32m  OK  [0m] Started Discard unused blocks once a week.
[   19.236247] cloud-init[668]: +----[SHA256]-----+
[[0;32m  OK  [0m] Started Message of the Day.
[[0;32m  OK  [0m] Started ACPI Events Check.
[[0;32m  OK  [0m] Listening on UUID daemon activation socket.
[[0;32m  OK  [0m] Listening on ACPID Listen Socket.
[[0;32m  OK  [0m] Started Daily apt download activities.
[[0;32m  OK  [0m] Started Daily apt upgrade and clean activities.
         Starting LXD - unix socket.
[[0;32m  OK  [0m] Started Daily Cleanup of Temporary Directories.
[[0;32m  OK  [0m] Reached target Timers.
[[0;32m  OK  [0m] Listening on Open-iSCSI iscsid Socket.
[[0;32m  OK  [0m] Reached target Paths.
[[0;32m  OK  [0m] Listening on D-Bus System Message Bus Socket.
         Starting Socket activation for snappy daemon.
[[0;32m  OK  [0m] Reached target Cloud-config availability.
[[0;32m  OK  [0m] Started Availability of block devices.
[[0;32m  OK  [0m] Listening on LXD - unix socket.
[[0;32m  OK  [0m] Listening on Socket activation for snappy daemon.
[[0;32m  OK  [0m] Reached target Sockets.
[[0;32m  OK  [0m] Reached target Basic System.
         Starting LSB: automatic crash report generation...
[[0;32m  OK  [0m] Started irqbalance daemon.
         Starting Permit User Sessions...
[[0;32m  OK  [0m] Started Deferred execution scheduler.
         Starting Dispatcher daemon for systemd-networkd...
         Starting System Logging Service...
[[0;32m  OK  [0m] Started FUSE filesystem for LXC.
         Starting Accounts Service...
         Starting LSB: Record successful boot for GRUB...
         Starting Snap Daemon...
[[0;32m  OK  [0m] Started Regular background program processing daemon.
         Starting Login Service...
         Starting Virtualbox guest utils...
         Starting Pollinate to seed the pseudo random number generator...
[[0;32m  OK  [0m] Started D-Bus System Message Bus.
[[0;32m  OK  [0m] Started Login Service.
[[0;32m  OK  [0m] Started Unattended Upgrades Shutdown.
         Starting LXD - container startup/shutdown...
[[0;32m  OK  [0m] Started System Logging Service.
[[0;32m  OK  [0m] Started Permit User Sessions.
         Starting Terminate Plymouth Boot Screen...
         Starting Hold until boot process finishes up...
[[0;32m  OK  [0m] Started Hold until boot process finishes up.
         Starting Set console scheme...
[[0;32m  OK  [0m] Started Serial Getty on ttyS0.
[[0;32m  OK  [0m] Started Terminate Plymouth Boot Screen.
[[0;32m  OK  [0m] Started Set console scheme.
[[0;32m  OK  [0m] Created slice system-getty.slice.
[[0;32m  OK  [0m] Started Getty on tty1.
[[0;32m  OK  [0m] Reached target Login Prompts.
[[0;32m  OK  [0m] Started LSB: automatic crash report generation.
         Starting Authorization Manager...
[[0;32m  OK  [0m] Started LSB: Record successful boot for GRUB.
[[0;32m  OK  [0m] Started Authorization Manager.
[[0;32m  OK  [0m] Started Accounts Service.
[[0;32m  OK  [0m] Started Dispatcher daemon for systemd-networkd.
[[0;32m  OK  [0m] Started Virtualbox guest utils.
[[0;32m  OK  [0m] Started LXD - container startup/shutdown.
[[0;32m  OK  [0m] Started Snap Daemon.
         Starting Wait until snapd is fully seeded...
[[0;32m  OK  [0m] Started Pollinate to seed the pseudo random number generator.
         Starting OpenBSD Secure Shell server...
[[0;32m  OK  [0m] Started OpenBSD Secure Shell server.
[[0;32m  OK  [0m] Created slice User Slice of vagrant.
         Starting User Manager for UID 1000...
[[0;32m  OK  [0m] Started Session 1 of user vagrant.
[[0;32m  OK  [0m] Started User Manager for UID 1000.

Ubuntu 18.04.5 LTS ubuntu-bionic ttyS0

ubuntu-bionic login: [   29.453908] cloud-init[1266]: Cloud-init v. 20.4.1-0ubuntu1~18.04.1 running 'modules:config' at Thu, 11 Feb 2021 22:48:55 +0000. Up 27.26 seconds.
ci-info: no authorized SSH keys fingerprints found for user ubuntu.
<14>Feb 11 22:48:59 ec2: 
<14>Feb 11 22:48:59 ec2: #############################################################
<14>Feb 11 22:48:59 ec2: -----BEGIN SSH HOST KEY FINGERPRINTS-----
<14>Feb 11 22:48:59 ec2: 1024 SHA256:Br+dtPh5vkcCEHn67KSB2YZVkFCbjE5RNnV9na/eQQU root@ubuntu-bionic (DSA)
<14>Feb 11 22:48:59 ec2: 256 SHA256:cf9NOR8zuI84yqpblbdsdx1naLC++8q9lDHBs6BWCKo root@ubuntu-bionic (ECDSA)
<14>Feb 11 22:48:59 ec2: 256 SHA256:gRXyA81i3+srlpbCG8CXATekJ9ZhotfQTZpsNu+J328 root@ubuntu-bionic (ED25519)
<14>Feb 11 22:48:59 ec2: 2048 SHA256:eP7g1zhhEw+5K4AounWeBiQ+iL4XHt/5iqWId2XYxXM root@ubuntu-bionic (RSA)
<14>Feb 11 22:48:59 ec2: -----END SSH HOST KEY FINGERPRINTS-----
<14>Feb 11 22:48:59 ec2: #############################################################
-----BEGIN SSH HOST KEY KEYS-----
ecdsa-sha2-nistp256 AAAAE2VjZHNhLXNoYTItbmlzdHAyNTYAAAAIbmlzdHAyNTYAAABBBM1I0xfOGbu/EmRRmnrzRQ7HSU+U71YAuaQHM4Bqc8ZBmuhqjsDPWkYAn9s+P2xrC+LADaSMsi1jTSpOvvR+Z3E= root@ubuntu-bionic
ssh-ed25519 AAAAC3NzaC1lZDI1NTE5AAAAIOGBWRDKtEy+x/ufh47Y7ekx1CXBMY7hCT/SWk1Rrc1w root@ubuntu-bionic
ssh-rsa AAAAB3NzaC1yc2EAAAADAQABAAABAQCzVUUsUu/iaVFBKc6XXmRtiJcO3+u1Q+i/sl/PFUOlMHRLaRngYqTKHmQwbNADeU4ESdse/UTzhHPTGaBTweydPQNSJrCTB6PqBqZ5Kc/Aun6XpqldNjaGIAkh7MpaKxFWaW1mek46l6GhNqJSuAIz9HA9S9CV0QYjAA7cfCDABh/nGcfu+WKBKUOJNSClELmIm/ZO0yPwIBWS2Ikt+JPH3sZJw6XYhFifEOnhQzKKccnmGfeYv7rz/i5MIvTqDP+xL9YuioiKlJqui1wpkry2AB0YvdPN1lufGfPMBeV03L0fQnN1zt0L2stgT+F+dVNYOD6Gf5025if11RqVvyKB root@ubuntu-bionic
-----END SSH HOST KEY KEYS-----
[   30.779952] cloud-init[1401]: Cloud-init v. 20.4.1-0ubuntu1~18.04.1 running 'modules:final' at Thu, 11 Feb 2021 22:48:58 +0000. Up 30.44 seconds.
[   30.782165] cloud-init[1401]: ci-info: no authorized SSH keys fingerprints found for user ubuntu.
[   30.787936] cloud-init[1401]: Cloud-init v. 20.4.1-0ubuntu1~18.04.1 finished at Thu, 11 Feb 2021 22:48:59 +0000. Datasource DataSourceNoCloud [seed=/dev/sdb][dsmode=net].  Up 30.76 seconds
